adaptor.c:48:6:initiate_input_channels	4	static
adaptor.c:59:6:initiate_output_channels	16	static
adaptor.c:77:6:initate_analog_channels	4	static
adaptor.c:93:6:hal_gpio_write_pin	16	static
adaptor.c:97:10:hal_gpio_read_pin	16	static
adaptor.c:106:10:hal_read_analog_ch	24	static
adaptor.c:121:6:HAL_ADC_ConvCpltCallback	32	static
adaptor.c:138:10:hal_get_tick	8	static
adaptor.c:142:32:hal_init_tick	8	static
adaptor.c:150:6:init_comm_data_service	8	static
adaptor.c:156:6:init_comm_timing_service	8	static
adaptor.c:161:6:start_comm_timer	16	static
adaptor.c:167:6:stop_comm_timer	16	static
adaptor.c:173:6:HAL_UART_RxCpltCallback	16	static
adaptor.c:189:6:HAL_TIM_PeriodElapsedCallback	16	static
adaptor.c:205:32:hal_modbus_uart_tx	16	static
adaptor.c:209:6:HAL_UART_TxCpltCallback	16	static
adaptor.c:213:6:get_uniqueid	24	static
adaptor.c:246:6:get_flash_memory_info	24	static
adaptor.c:270:9:write_to_flash	32	static
adaptor.c:293:9:erase_flash	40	static
adaptor.c:339:8:hal_get_encoder_value	16	static
adaptor.c:353:7:Display_String	24	static
adaptor.c:363:7:Display_Number	40	static
adaptor.c:384:6:init_lcd_display	8	static
adaptor.c:392:6:Display_Clear	8	static
adaptor.c:400:6:hal_xfer_watch_data	16	static
adaptor.c:405:6:hal_disable_interrupts	4	static,ignoring_inline_asm
adaptor.c:409:6:hal_enable_interrupts	4	static,ignoring_inline_asm
adaptor.c:413:6:initiate_runtime	8	static
