main.c:127:5:main	8	static
main.c:200:6:SystemClock_Config	88	static
main.c:253:6:PeriphCommonClock_Config	144	static
main.c:281:13:MX_ADC3_Init	24	static
main.c:339:13:MX_CRC_Init	8	static
main.c:370:13:MX_DCMI_Init	8	static
main.c:407:13:MX_DMA2D_Init	8	static
main.c:444:13:MX_I2C3_Init	8	static
main.c:490:13:MX_LTDC_Init	64	static
main.c:552:13:MX_QUADSPI_Init	8	static
main.c:587:13:MX_RTC_Init	80	static
main.c:679:13:MX_SAI2_Init	8	static
main.c:754:13:MX_SDMMC1_SD_Init	8	static
main.c:790:13:MX_SPDIFRX_Init	8	static
main.c:826:13:MX_TIM1_Init	40	static
main.c:873:13:MX_TIM2_Init	40	static
main.c:918:13:MX_TIM3_Init	64	static
main.c:977:13:MX_TIM5_Init	64	static
main.c:1036:13:MX_TIM7_Init	24	static
main.c:1074:13:MX_TIM8_Init	40	static
main.c:1121:13:MX_TIM12_Init	40	static
main.c:1163:13:MX_USART1_UART_Init	8	static
main.c:1198:13:MX_USART6_UART_Init	8	static
main.c:1233:13:MX_USB_OTG_FS_HCD_Init	8	static
main.c:1262:13:MX_DMA_Init	16	static
main.c:1276:13:MX_FMC_Init	40	static
main.c:1327:13:MX_GPIO_Init	72	static
main.c:1568:6:Error_Handler	4	static,ignoring_inline_asm
