main.c:124:6:init_lcd_display	8	static
main.c:136:5:main	8	static
main.c:209:6:SystemClock_Config	88	static
main.c:262:6:PeriphCommonClock_Config	144	static
main.c:290:13:MX_ADC3_Init	24	static
main.c:348:13:MX_CRC_Init	8	static
main.c:379:13:MX_DCMI_Init	8	static
main.c:416:13:MX_DMA2D_Init	8	static
main.c:453:13:MX_I2C3_Init	8	static
main.c:499:13:MX_LTDC_Init	64	static
main.c:561:13:MX_QUADSPI_Init	8	static
main.c:596:13:MX_RTC_Init	80	static
main.c:688:13:MX_SAI2_Init	8	static
main.c:763:13:MX_SDMMC1_SD_Init	8	static
main.c:799:13:MX_SPDIFRX_Init	8	static
main.c:835:13:MX_TIM1_Init	40	static
main.c:882:13:MX_TIM2_Init	40	static
main.c:927:13:MX_TIM3_Init	64	static
main.c:986:13:MX_TIM5_Init	64	static
main.c:1045:13:MX_TIM7_Init	24	static
main.c:1083:13:MX_TIM8_Init	40	static
main.c:1130:13:MX_TIM12_Init	40	static
main.c:1172:13:MX_USART1_UART_Init	8	static
main.c:1207:13:MX_USART6_UART_Init	8	static
main.c:1242:13:MX_USB_OTG_FS_HCD_Init	8	static
main.c:1271:13:MX_DMA_Init	16	static
main.c:1285:13:MX_FMC_Init	40	static
main.c:1336:13:MX_GPIO_Init	72	static
main.c:1577:6:Error_Handler	4	static,ignoring_inline_asm
