stm32f7xx_hal_msp.c:66:6:HAL_MspInit	16	static
stm32f7xx_hal_msp.c:88:6:HAL_ADC_MspInit	48	static
stm32f7xx_hal_msp.c:153:6:HAL_ADC_MspDeInit	16	static
stm32f7xx_hal_msp.c:192:6:HAL_CRC_MspInit	24	static
stm32f7xx_hal_msp.c:214:6:HAL_CRC_MspDeInit	16	static
stm32f7xx_hal_msp.c:236:6:HAL_DCMI_MspInit	64	static
stm32f7xx_hal_msp.c:314:6:HAL_DCMI_MspDeInit	16	static
stm32f7xx_hal_msp.c:361:6:HAL_DMA2D_MspInit	24	static
stm32f7xx_hal_msp.c:386:6:HAL_DMA2D_MspDeInit	16	static
stm32f7xx_hal_msp.c:411:6:HAL_I2C_MspInit	176	static
stm32f7xx_hal_msp.c:456:6:HAL_I2C_MspDeInit	16	static
stm32f7xx_hal_msp.c:487:6:HAL_LTDC_MspInit	64	static
stm32f7xx_hal_msp.c:588:6:HAL_LTDC_MspDeInit	16	static
stm32f7xx_hal_msp.c:657:6:HAL_QSPI_MspInit	56	static
stm32f7xx_hal_msp.c:720:6:HAL_QSPI_MspDeInit	16	static
stm32f7xx_hal_msp.c:757:6:HAL_RTC_MspInit	152	static
stm32f7xx_hal_msp.c:789:6:HAL_RTC_MspDeInit	16	static
stm32f7xx_hal_msp.c:811:6:HAL_SD_MspInit	48	static
stm32f7xx_hal_msp.c:860:6:HAL_SD_MspDeInit	16	static
stm32f7xx_hal_msp.c:896:6:HAL_SPDIFRX_MspInit	176	static
stm32f7xx_hal_msp.c:945:6:HAL_SPDIFRX_MspDeInit	16	static
stm32f7xx_hal_msp.c:973:6:HAL_TIM_Base_MspInit	40	static
stm32f7xx_hal_msp.c:1053:6:HAL_TIM_PWM_MspInit	24	static
stm32f7xx_hal_msp.c:1069:6:HAL_TIM_MspPostInit	48	static
stm32f7xx_hal_msp.c:1142:6:HAL_TIM_Base_MspDeInit	16	static
stm32f7xx_hal_msp.c:1222:6:HAL_TIM_PWM_MspDeInit	16	static
stm32f7xx_hal_msp.c:1244:6:HAL_UART_MspInit	192	static
stm32f7xx_hal_msp.c:1335:6:HAL_UART_MspDeInit	16	static
stm32f7xx_hal_msp.c:1386:6:HAL_HCD_MspInit	48	static
stm32f7xx_hal_msp.c:1423:6:HAL_HCD_MspDeInit	16	static
stm32f7xx_hal_msp.c:1449:13:HAL_FMC_MspInit	32	static
stm32f7xx_hal_msp.c:1555:6:HAL_SDRAM_MspInit	16	static
stm32f7xx_hal_msp.c:1567:13:HAL_FMC_MspDeInit	8	static
stm32f7xx_hal_msp.c:1641:6:HAL_SDRAM_MspDeInit	16	static
stm32f7xx_hal_msp.c:1653:6:HAL_SAI_MspInit	48	static
stm32f7xx_hal_msp.c:1703:6:HAL_SAI_MspDeInit	16	static
