stm32f7xx_it.c:77:6:NMI_Handler	4	static
stm32f7xx_it.c:92:6:HardFault_Handler	4	static
stm32f7xx_it.c:107:6:MemManage_Handler	4	static
stm32f7xx_it.c:122:6:BusFault_Handler	4	static
stm32f7xx_it.c:137:6:UsageFault_Handler	4	static
stm32f7xx_it.c:152:6:SVC_Handler	4	static
stm32f7xx_it.c:165:6:DebugMon_Handler	4	static
stm32f7xx_it.c:178:6:PendSV_Handler	4	static
stm32f7xx_it.c:191:6:SysTick_Handler	4	static
stm32f7xx_it.c:212:6:RCC_IRQHandler	4	static
stm32f7xx_it.c:225:6:ADC_IRQHandler	8	static
stm32f7xx_it.c:239:6:TIM1_BRK_TIM9_IRQHandler	8	static
stm32f7xx_it.c:253:6:USART1_IRQHandler	8	static
stm32f7xx_it.c:267:6:TIM6_DAC_IRQHandler	8	static
stm32f7xx_it.c:281:6:TIM7_IRQHandler	8	static
stm32f7xx_it.c:295:6:DMA2_Stream0_IRQHandler	8	static
stm32f7xx_it.c:309:6:LTDC_IRQHandler	8	static
stm32f7xx_it.c:323:6:DMA2D_IRQHandler	8	static
