stm32f7xx_hal_msp.c:66:6:HAL_MspInit	16	static
stm32f7xx_hal_msp.c:93:6:HAL_ADC_MspInit	48	static
stm32f7xx_hal_msp.c:158:6:HAL_ADC_MspDeInit	16	static
stm32f7xx_hal_msp.c:197:6:HAL_CRC_MspInit	24	static
stm32f7xx_hal_msp.c:219:6:HAL_CRC_MspDeInit	16	static
stm32f7xx_hal_msp.c:241:6:HAL_DCMI_MspInit	64	static
stm32f7xx_hal_msp.c:319:6:HAL_DCMI_MspDeInit	16	static
stm32f7xx_hal_msp.c:366:6:HAL_DMA2D_MspInit	24	static
stm32f7xx_hal_msp.c:391:6:HAL_DMA2D_MspDeInit	16	static
stm32f7xx_hal_msp.c:416:6:HAL_I2C_MspInit	176	static
stm32f7xx_hal_msp.c:461:6:HAL_I2C_MspDeInit	16	static
stm32f7xx_hal_msp.c:492:6:HAL_LTDC_MspInit	64	static
stm32f7xx_hal_msp.c:593:6:HAL_LTDC_MspDeInit	16	static
stm32f7xx_hal_msp.c:662:6:HAL_QSPI_MspInit	56	static
stm32f7xx_hal_msp.c:725:6:HAL_QSPI_MspDeInit	16	static
stm32f7xx_hal_msp.c:762:6:HAL_RTC_MspInit	152	static
stm32f7xx_hal_msp.c:794:6:HAL_RTC_MspDeInit	16	static
stm32f7xx_hal_msp.c:816:6:HAL_SD_MspInit	48	static
stm32f7xx_hal_msp.c:865:6:HAL_SD_MspDeInit	16	static
stm32f7xx_hal_msp.c:901:6:HAL_SPDIFRX_MspInit	176	static
stm32f7xx_hal_msp.c:950:6:HAL_SPDIFRX_MspDeInit	16	static
stm32f7xx_hal_msp.c:978:6:HAL_TIM_Base_MspInit	40	static
stm32f7xx_hal_msp.c:1061:6:HAL_TIM_PWM_MspInit	24	static
stm32f7xx_hal_msp.c:1077:6:HAL_TIM_MspPostInit	48	static
stm32f7xx_hal_msp.c:1150:6:HAL_TIM_Base_MspDeInit	16	static
stm32f7xx_hal_msp.c:1233:6:HAL_TIM_PWM_MspDeInit	16	static
stm32f7xx_hal_msp.c:1255:6:HAL_UART_MspInit	192	static
stm32f7xx_hal_msp.c:1346:6:HAL_UART_MspDeInit	16	static
stm32f7xx_hal_msp.c:1397:6:HAL_HCD_MspInit	48	static
stm32f7xx_hal_msp.c:1434:6:HAL_HCD_MspDeInit	16	static
stm32f7xx_hal_msp.c:1460:13:HAL_FMC_MspInit	32	static
stm32f7xx_hal_msp.c:1566:6:HAL_SDRAM_MspInit	16	static
stm32f7xx_hal_msp.c:1578:13:HAL_FMC_MspDeInit	8	static
stm32f7xx_hal_msp.c:1652:6:HAL_SDRAM_MspDeInit	16	static
stm32f7xx_hal_msp.c:1664:6:HAL_SAI_MspInit	48	static
stm32f7xx_hal_msp.c:1714:6:HAL_SAI_MspDeInit	16	static
